../Core/Src/main.c:75:9:decToBcd	16	static
../Core/Src/main.c:80:5:bcdToDec	16	static
../Core/Src/main.c:85:6:Set_Time	48	static
../Core/Src/main.c:100:6:Get_Time	32	static
../Core/Src/main.c:114:7:Get_Temp	40	static
../Core/Src/main.c:120:6:force_temp_conv	32	static
../Core/Src/main.c:132:6:send_uart	16	static
../Core/Src/main.c:142:5:main	120	static
../Core/Src/main.c:207:6:SystemClock_Config	96	static
../Core/Src/main.c:258:13:MX_I2C1_Init	8	static
../Core/Src/main.c:306:13:MX_USART1_UART_Init	8	static
../Core/Src/main.c:341:13:MX_GPIO_Init	48	static
../Core/Src/main.c:584:6:Error_Handler	4	static,ignoring_inline_asm
